<html>
<body>
<pre>
<h1>µVision Build Log</h1>
<h2>Tool Versions:</h2>
IDE-Version: µVision V5.37.0.0
Copyright (C) 2022 ARM Ltd and ARM Germany GmbH. All rights reserved.
License Information: George Andronache, MTA, LIC=----
 
Tool Versions:
Toolchain:       MDK-Lite  Version: 5.37.0.0
Toolchain Path:  C:\Keil_v5\ARM\ARMCLANG\Bin
C Compiler:      ArmClang.exe V6.18
Assembler:       Armasm.exe V6.18
Linker/Locator:  ArmLink.exe V6.18
Library Manager: ArmAr.exe V6.18
Hex Converter:   FromElf.exe V6.18
CPU DLL:         SARMCM3.DLL V5.37.0.0
Dialog DLL:      DARMCM1.DLL V1.19.6.0
Target DLL:      CMSIS_AGDI.dll V1.33.12.0
Dialog DLL:      TARMCM1.DLL V1.14.6.0
 
<h2>Project:</h2>
C:\Users\GeorgeAndronache\Desktop\MCA\MCA.uvprojx
Project File Date:  11/16/2022

<h2>Output:</h2>
*** Using Compiler 'V6.18', folder: 'C:\Keil_v5\ARM\ARMCLANG\Bin'
Rebuild target 'Target 1'
assembling startup_MKL25Z4.s...
gpio.c(1): warning: In file included from...
./gpio.h(4): warning: no newline at end of file [-Wnewline-eof]
void PORTA_IRQHandler(void);
                            ^
gpio.c(2): warning: // comments are not allowed in this language [-Wcomment]
#define SWITCH_PIN (12) // PORT A
                        ^
gpio.c(8): warning: no previous extern declaration for non-static variable 'iButtonCount' [-Wmissing-variable-declarations]
short iButtonCount=0;
      ^
gpio.c(8): note: declare 'static' if the variable is not intended to be used outside of this translation unit
short iButtonCount=0;
^
gpio.c(30): warning: implicit declaration of function 'UART0_Transmit' [-Wimplicit-function-declaration]
                        UART0_Transmit(count+48);
                        ^
gpio.c(33): warning: implicit conversion loses integer precision: 'unsigned int' to 'uint8_t' (aka 'unsigned char') [-Wimplicit-int-conversion]
                        uint8_t firstDigit = count / 10;
                                ~~~~~~~~~~   ~~~~~~^~~~
gpio.c(35): warning: implicit declaration of function 'UART0_Transmit' [-Wimplicit-function-declaration]
                        UART0_Transmit(firstDigit + 48);
                        ^
gpio.c(28): warning: no previous prototype for function 'UTILS_PrintCounter' [-Wmissing-prototypes]
void UTILS_PrintCounter(uint32_t count){
     ^
gpio.c(28): note: declare 'static' if the function is not intended to be used outside of this translation unit
void UTILS_PrintCounter(uint32_t count){
^
static 
gpio.c(47): warning: implicit declaration of function 'UART0_Receive' [-Wimplicit-function-declaration]
        UART0_Receive();
        ^
gpio.c(48): warning: implicit declaration of function 'UART0_Transmit' [-Wimplicit-function-declaration]
        UART0_Transmit();
        ^
gpio.c(98): warning: no newline at end of file [-Wnewline-eof]
}
 ^
gpio.c(7): warning: no previous extern declaration for non-static variable 'state' [-Wmissing-variable-declarations]
uint8_t state;
        ^
gpio.c(7): note: declare 'static' if the variable is not intended to be used outside of this translation unit
uint8_t state;
^
11 warnings generated.
compiling gpio.c...
compiling system_MKL25Z4.c...
main.c(1): warning: // comments are not allowed in this language [-Wcomment]
//int main()
^
main.c(10): warning: In file included from...
./gpio.h(4): warning: no newline at end of file [-Wnewline-eof]
void PORTA_IRQHandler(void);
                            ^
main.c(11): warning: In file included from...
./Pit.h(3): warning: // comments are not allowed in this language [-Wcomment]
void PIT_Init(void); // Functie de initializarea a modulului periferic
                     ^
./Pit.h(5): warning: no newline at end of file [-Wnewline-eof]
uint8_t UTILS_PrintTimer(uint32_t value); // Functie menita sa printeze o valoare numarata in formatul MM:SS
                                                                                                            ^
main.c(13): warning: In file included from...
./Uart.h(3): warning: // comments are not allowed in this language [-Wcomment]
void UART0_Transmit(uint8_t data); // Functie folostia pentru a trimite un octet catre interfata UART
                                   ^
./Uart.h(6): warning: no newline at end of file [-Wnewline-eof]
void UART0_IRQHandler(void); // Handler-ul de intreruperi
                                                         ^
main.c(17): warning: no previous extern declaration for non-static variable 'suport_text1' [-Wmissing-variable-declarations]
char suport_text1[] = "\rIntroduceti timpul dorit (sec): ";
     ^
main.c(17): note: declare 'static' if the variable is not intended to be used outside of this translation unit
char suport_text1[] = "\rIntroduceti timpul dorit (sec): ";
^
main.c(28): warning: no previous prototype for function 'put_string' [-Wmissing-prototypes]
void put_string(char* data) {
     ^
main.c(28): note: declare 'static' if the function is not intended to be used outside of this translation unit
void put_string(char* data) {
^
static 
main.c(43): warning: implicit declaration of function 'UART0_Init' [-Wimplicit-function-declaration]
        UART0_Init(115200);
        ^
main.c(73): warning: no newline at end of file [-Wnewline-eof]
}
 ^
main.c(41): warning: unused variable 'i' [-Wunused-variable]
        uint16_t i;
                 ^
11 warnings generated.
compiling main.c...
Uart.c(1): warning: In file included from...
./Uart.h(3): warning: // comments are not allowed in this language [-Wcomment]
void UART0_Transmit(uint8_t data); // Functie folostia pentru a trimite un octet catre interfata UART
                                   ^
./Uart.h(6): warning: no newline at end of file [-Wnewline-eof]
void UART0_IRQHandler(void); // Handler-ul de intreruperi
                                                         ^
Uart.c(14): warning: // comments are not allowed in this language [-Wcomment]
        //Punem in asteptare pana cand registrul de transmisie a datelor nu este gol
        ^
Uart.c(15): warning: while loop has empty body [-Wempty-body]
        while(!(UART0->S1 & UART0_S1_TDRE_MASK));
                                                ^
Uart.c(15): note: put the semicolon on a separate line to silence this warning
Uart.c(23): warning: while loop has empty body [-Wempty-body]
        while(!(UART0->S1 & UART0_S1_RDRF_MASK));
                                                ^
Uart.c(23): note: put the semicolon on a separate line to silence this warning
Uart.c(53): warning: mixing declarations and code is a C99 extension [-Wdeclaration-after-statement]
        uint32_t osr = 15; // Over-Sampling Rate (numarul de esantioane luate per bit-time)
                 ^
Uart.c(28): warning: no previous prototype for function 'UART0_Init' [-Wmissing-prototypes]
void UART0_Init(uint32_t baud_rate)
     ^
Uart.c(28): note: declare 'static' if the function is not intended to be used outside of this translation unit
void UART0_Init(uint32_t baud_rate)
^
static 
Uart.c(107): warning: no newline at end of file [-Wnewline-eof]
}
 ^
Uart.c(3): warning: no previous extern declaration for non-static variable 'c' [-Wmissing-variable-declarations]
uint8_t c;
        ^
Uart.c(3): note: declare 'static' if the variable is not intended to be used outside of this translation unit
uint8_t c;
^
Uart.c(4): warning: no previous extern declaration for non-static variable 'end' [-Wmissing-variable-declarations]
uint8_t end;
        ^
Uart.c(4): note: declare 'static' if the variable is not intended to be used outside of this translation unit
uint8_t end;
^
Uart.c(5): warning: no previous extern declaration for non-static variable 'numar1' [-Wmissing-variable-declarations]
uint8_t numar1[100], numar2[100];
        ^
Uart.c(5): note: declare 'static' if the variable is not intended to be used outside of this translation unit
uint8_t numar1[100], numar2[100];
^
Uart.c(5): warning: no previous extern declaration for non-static variable 'numar2' [-Wmissing-variable-declarations]
uint8_t numar1[100], numar2[100];
                     ^
Uart.c(5): note: declare 'static' if the variable is not intended to be used outside of this translation unit
uint8_t numar1[100], numar2[100];
^
Uart.c(7): warning: no previous extern declaration for non-static variable 'write1' [-Wmissing-variable-declarations]
uint8_t write1, read1;
        ^
Uart.c(7): note: declare 'static' if the variable is not intended to be used outside of this translation unit
uint8_t write1, read1;
^
Uart.c(7): warning: no previous extern declaration for non-static variable 'read1' [-Wmissing-variable-declarations]
uint8_t write1, read1;
                ^
Uart.c(7): note: declare 'static' if the variable is not intended to be used outside of this translation unit
uint8_t write1, read1;
^
Uart.c(8): warning: no previous extern declaration for non-static variable 'write2' [-Wmissing-variable-declarations]
uint8_t write2, read2;
        ^
Uart.c(8): note: declare 'static' if the variable is not intended to be used outside of this translation unit
uint8_t write2, read2;
^
Uart.c(8): warning: no previous extern declaration for non-static variable 'read2' [-Wmissing-variable-declarations]
uint8_t write2, read2;
                ^
Uart.c(8): note: declare 'static' if the variable is not intended to be used outside of this translation unit
uint8_t write2, read2;
^
Uart.c(10): warning: no previous extern declaration for non-static variable 'complet1' [-Wmissing-variable-declarations]
uint8_t complet1,complet2;
        ^
Uart.c(10): note: declare 'static' if the variable is not intended to be used outside of this translation unit
uint8_t complet1,complet2;
^
Uart.c(10): warning: no previous extern declaration for non-static variable 'complet2' [-Wmissing-variable-declarations]
uint8_t complet1,complet2;
                 ^
Uart.c(10): note: declare 'static' if the variable is not intended to be used outside of this translation unit
uint8_t complet1,complet2;
^
18 warnings generated.
compiling Uart.c...
Pit.c(1): warning: In file included from...
./Pit.h(3): warning: // comments are not allowed in this language [-Wcomment]
void PIT_Init(void); // Functie de initializarea a modulului periferic
                     ^
./Pit.h(5): warning: no newline at end of file [-Wnewline-eof]
uint8_t UTILS_PrintTimer(uint32_t value); // Functie menita sa printeze o valoare numarata in formatul MM:SS
                                                                                                            ^
Pit.c(2): warning: In file included from...
./Uart.h(3): warning: // comments are not allowed in this language [-Wcomment]
void UART0_Transmit(uint8_t data); // Functie folostia pentru a trimite un octet catre interfata UART
                                   ^
./Uart.h(6): warning: no newline at end of file [-Wnewline-eof]
void UART0_IRQHandler(void); // Handler-ul de intreruperi
                                                         ^
Pit.c(4): warning: // comments are not allowed in this language [-Wcomment]
#define LED_PIN (12) // PORT A
                     ^
Pit.c(39): warning: implicit conversion loses integer precision: 'unsigned int' to 'uint8_t' (aka 'unsigned char') [-Wimplicit-int-conversion]
        uint8_t minutes = value/60;
                ~~~~~~~   ~~~~~^~~
Pit.c(53): warning: non-void function does not return a value [-Wreturn-type]
}
^
Pit.c(71): warning: no newline at end of file [-Wnewline-eof]
}
 ^
Pit.c(5): warning: no previous extern declaration for non-static variable 'timer_value' [-Wmissing-variable-declarations]
uint32_t timer_value;
         ^
Pit.c(5): note: declare 'static' if the variable is not intended to be used outside of this translation unit
uint32_t timer_value;
^
Pit.c(6): warning: no previous extern declaration for non-static variable 'led_state' [-Wmissing-variable-declarations]
uint8_t led_state;
        ^
Pit.c(6): note: declare 'static' if the variable is not intended to be used outside of this translation unit
uint8_t led_state;
^
10 warnings generated.
compiling Pit.c...
linking...
Program Size: Code=1816 RO-data=232 RW-data=36 ZI-data=472  
".\Objects\MCA.axf" - 0 Error(s), 50 Warning(s).

<h2>Software Packages used:</h2>

Package Vendor: ARM
                http://www.keil.com/pack/ARM.CMSIS.5.9.0.pack
                ARM.CMSIS.5.9.0
                CMSIS (Common Microcontroller Software Interface Standard)
   * Component: CORE Version: 5.6.0

Package Vendor: Keil
                http://www.keil.com/pack/Keil.Kinetis_KLxx_DFP.1.15.0.pack
                Keil.Kinetis_KLxx_DFP.1.15.0
                NXP Kinetis KLxx Series Device Support and Examples
   * Component: Startup Version: 2.5.0

<h2>Collection of Component include folders:</h2>
  ./RTE/Device/MKL25Z128xxx4
  ./RTE/_Target_1
  C:/Users/GeorgeAndronache/AppData/Local/Arm/Packs/ARM/CMSIS/5.9.0/CMSIS/Core/Include
  C:/Users/GeorgeAndronache/AppData/Local/Arm/Packs/Keil/Kinetis_KLxx_DFP/1.15.0/Device/Include

<h2>Collection of Component Files used:</h2>

   * Component: ARM::CMSIS:CORE:5.6.0

   * Component: Keil::Device:Startup:2.5.0
      Source file:   Device/Source/ARM/startup_MKL25Z4.s
      Include file:  Device/Source/system_MKL25Z4.h
      Source file:   Device/Source/system_MKL25Z4.c
Build Time Elapsed:  00:00:01
</pre>
</body>
</html>
